   Compiling version_check v0.9.5
   Compiling proc-macro2 v1.0.107
   Compiling cfg-if v1.0.4
   Compiling libc v0.2.189
   Compiling zerocopy v0.8.56
   Compiling unicode-ident v1.0.24
   Compiling quote v1.0.47
   Compiling shlex v2.0.1
   Compiling typenum v1.20.1
   Compiling find-msvc-tools v0.1.12
   Compiling once_cell v1.21.4
   Compiling vcpkg v0.2.15
   Compiling cc v1.4.5
   Compiling pkg-config v0.3.34
   Compiling getrandom v0.4.3
   Compiling generic-array v0.14.7
   Compiling ahash v0.8.12
   Compiling smallvec v1.16.0
   Compiling fallible-streaming-iterator v0.1.9
   Compiling fallible-iterator v0.3.0
   Compiling bitflags v2.13.1
   Compiling pin-project-lite v0.2.17
   Compiling libsqlite3-sys v0.30.1
   Compiling syn v3.0.5
   Compiling cpufeatures v0.2.17
   Compiling fs2 v0.4.3
   Compiling block-buffer v0.10.4
   Compiling crypto-common v0.1.7
   Compiling digest v0.10.7
   Compiling sha2 v0.10.9
   Compiling uuid v1.26.0
   Compiling tokio-macros v2.7.2
   Compiling async-trait v0.1.92
   Compiling tokio v1.53.1
   Compiling hashbrown v0.14.5
   Compiling hashlink v0.9.1
   Compiling rusqlite v0.32.1
   Compiling event-stream v0.1.0 (/tmp/event-stream-round105-control-source)
error[E0107]: type alias takes 1 generic argument but 2 generic arguments were supplied
  --> examples/retention_cleanup.rs:13:20
   |
13 | async fn main() -> Result<(), Box<dyn std::error::Error>> {
   |                    ^^^^^^   ---------------------------- help: remove the unnecessary generic argument
   |                    |
   |                    expected 1 generic argument
   |
note: type alias defined here, with 1 generic parameter: `T`
  --> src/application/types.rs:94:10
   |
94 | pub type Result<T> = std::result::Result<T, Error>;
   |          ^^^^^^ -

error[E0277]: `?` couldn't convert the error to `event_stream::Error`
   --> examples/retention_cleanup.rs:38:15
    |
 33 | /     store
 34 | |         .enable_retry_policy(EnableRetryPolicy {
 35 | |             operation_id: RetentionOperationId::new("enable")?,
 36 | |             stream: stream.clone(),
 37 | |         })
 38 | |         .await?;
    | |              -^ the trait `From<RetentionError>` is not implemented for `event_stream::Error`
    | |______________|
    |                this can't be annotated with `?` because it has type `Result<_, RetentionError>`
    |
    = note: the question mark operation (`?`) implicitly performs a conversion on the error value using the `From` trait
help: the trait `From<RetentionError>` is not implemented for `event_stream::Error`
      but trait `From<ValidationError>` is implemented for it
   --> src/application/types.rs:116:1
    |
116 | impl From<ValidationError> for Error {
    | ^^^^^^^^^^^^^^^^^^^^^^^^^^^^^^^^^^^^
    = help: for that trait implementation, expected `ValidationError`, found `RetentionError`

error[E0277]: `?` couldn't convert the error to `event_stream::Error`
   --> examples/retention_cleanup.rs:46:15
    |
 39 | /     store
 40 | |         .advance_retention_floor(AdvanceRetentionFloor {
 41 | |             operation_id: RetentionOperationId::new("floor")?,
 42 | |             stream: stream.clone(),
...   |
 45 | |         })
 46 | |         .await?;
    | |              -^ the trait `From<RetentionError>` is not implemented for `event_stream::Error`
    | |______________|
    |                this can't be annotated with `?` because it has type `Result<_, RetentionError>`
    |
    = note: the question mark operation (`?`) implicitly performs a conversion on the error value using the `From` trait
help: the trait `From<RetentionError>` is not implemented for `event_stream::Error`
      but trait `From<ValidationError>` is implemented for it
   --> src/application/types.rs:116:1
    |
116 | impl From<ValidationError> for Error {
    | ^^^^^^^^^^^^^^^^^^^^^^^^^^^^^^^^^^^^
    = help: for that trait implementation, expected `ValidationError`, found `RetentionError`

error[E0277]: `?` couldn't convert the error to `event_stream::Error`
   --> examples/retention_cleanup.rs:47:40
    |
 47 |     let before = support::Usage::read()?;
    |                  ----------------------^ the trait `From<std::io::Error>` is not implemented for `event_stream::Error`
    |                  |
    |                  this can't be annotated with `?` because it has type `Result<_, std::io::Error>`
    |
    = note: the question mark operation (`?`) implicitly performs a conversion on the error value using the `From` trait
help: the trait `From<std::io::Error>` is not implemented for `event_stream::Error`
      but trait `From<ValidationError>` is implemented for it
   --> src/application/types.rs:116:1
    |
116 | impl From<ValidationError> for Error {
    | ^^^^^^^^^^^^^^^^^^^^^^^^^^^^^^^^^^^^
    = help: for that trait implementation, expected `ValidationError`, found `std::io::Error`

error[E0277]: `?` couldn't convert the error to `event_stream::Error`
   --> examples/retention_cleanup.rs:59:19
    |
 53 |           let progress = store
    |  ________________________-
 54 | |             .cleanup_retention(RetentionCleanupLimits {
 55 | |                 max_event_rows: 1,
 56 | |                 max_retry_rows: 1,
 57 | |                 max_bytes: 2 * 1024 * 1024,
 58 | |             })
 59 | |             .await?;
    | |                  -^ the trait `From<RetentionError>` is not implemented for `event_stream::Error`
    | |__________________|
    |                    this can't be annotated with `?` because it has type `Result<_, RetentionError>`
    |
    = note: the question mark operation (`?`) implicitly performs a conversion on the error value using the `From` trait
help: the trait `From<RetentionError>` is not implemented for `event_stream::Error`
      but trait `From<ValidationError>` is implemented for it
   --> src/application/types.rs:116:1
    |
116 | impl From<ValidationError> for Error {
    | ^^^^^^^^^^^^^^^^^^^^^^^^^^^^^^^^^^^^
    = help: for that trait implementation, expected `ValidationError`, found `RetentionError`

error[E0277]: `?` couldn't convert the error to `event_stream::Error`
   --> examples/retention_cleanup.rs:65:39
    |
 65 |     let after = support::Usage::read()?;
    |                 ----------------------^ the trait `From<std::io::Error>` is not implemented for `event_stream::Error`
    |                 |
    |                 this can't be annotated with `?` because it has type `Result<_, std::io::Error>`
    |
    = note: the question mark operation (`?`) implicitly performs a conversion on the error value using the `From` trait
help: the trait `From<std::io::Error>` is not implemented for `event_stream::Error`
      but trait `From<ValidationError>` is implemented for it
   --> src/application/types.rs:116:1
    |
116 | impl From<ValidationError> for Error {
    | ^^^^^^^^^^^^^^^^^^^^^^^^^^^^^^^^^^^^
    = help: for that trait implementation, expected `ValidationError`, found `std::io::Error`

Some errors have detailed explanations: E0107, E0277.
For more information about an error, try `rustc --explain E0107`.
error: could not compile `event-stream` (example "retention_cleanup") due to 6 previous errors
