    Blocking waiting for file lock on package cache
    Blocking waiting for file lock on package cache
   Compiling version_check v0.9.5
   Compiling cfg-if v1.0.4
   Compiling proc-macro2 v1.0.107
   Compiling libc v0.2.189
   Compiling quote v1.0.47
   Compiling unicode-ident v1.0.24
   Compiling zerocopy v0.8.56
   Compiling typenum v1.20.1
   Compiling find-msvc-tools v0.1.12
   Compiling shlex v2.0.1
   Compiling pkg-config v0.3.34
   Compiling cc v1.4.5
   Compiling vcpkg v0.2.15
   Compiling once_cell v1.21.4
   Compiling generic-array v0.14.7
   Compiling ahash v0.8.12
   Compiling getrandom v0.4.3
   Compiling fallible-iterator v0.3.0
   Compiling smallvec v1.16.0
   Compiling fallible-streaming-iterator v0.1.9
   Compiling pin-project-lite v0.2.17
   Compiling bitflags v2.13.1
   Compiling libsqlite3-sys v0.30.1
   Compiling cpufeatures v0.2.17
   Compiling fs2 v0.4.3
   Compiling uuid v1.26.0
   Compiling syn v3.0.5
   Compiling crypto-common v0.1.7
   Compiling block-buffer v0.10.4
   Compiling digest v0.10.7
   Compiling sha2 v0.10.9
   Compiling tokio-macros v2.7.2
   Compiling async-trait v0.1.92
   Compiling tokio v1.53.1
   Compiling hashbrown v0.14.5
   Compiling hashlink v0.9.1
   Compiling rusqlite v0.32.1
   Compiling event-stream v0.1.0 (/tmp/event-stream-round104-source)
    Finished `release` profile [optimized] target(s) in 2m 39s
