   Compiling event-stream v0.1.0 (/Users/nessa/Documents/NessaLabs/event-stream)
    Finished `test` profile [unoptimized + debuginfo] target(s) in 1.24s
     Running tests/replication_read_lease_regressions.rs (target/debug/deps/replication_read_lease_regressions-96bbbe93247b4c14)

running 4 tests
test abandoned_expired_reader_slot_is_reclaimed_by_bounded_cleanup ... ok
test reader_keeps_original_snapshot_across_replacement_until_exact_expiry ... ok
test released_replaced_snapshot_capacity_is_reusable ... FAILED
test aborted_bootstrap_larger_than_cleanup_byte_budget_is_removed_in_chunks ... FAILED

failures:

---- released_replaced_snapshot_capacity_is_reusable stdout ----

thread 'released_replaced_snapshot_capacity_is_reusable' (6135231) panicked at tests/replication_read_lease_regressions.rs:69:10:
called `Result::unwrap()` on an `Err` value: CapacityExceeded
note: run with `RUST_BACKTRACE=1` environment variable to display a backtrace

---- aborted_bootstrap_larger_than_cleanup_byte_budget_is_removed_in_chunks stdout ----

thread 'aborted_bootstrap_larger_than_cleanup_byte_budget_is_removed_in_chunks' (6135229) panicked at tests/replication_read_lease_regressions.rs:326:9:
an eligible chunk fits but cleanup made no progress: ReplicaCleanupProgress { removed_receipt_rows: 0, removed_staging_rows: 0, removed_bytes: 0, remaining: true }


failures:
    aborted_bootstrap_larger_than_cleanup_byte_budget_is_removed_in_chunks
    released_replaced_snapshot_capacity_is_reusable

test result: FAILED. 2 passed; 2 failed; 0 ignored; 0 measured; 0 filtered out; finished in 0.00s

error: test failed, to rerun pass `--test replication_read_lease_regressions`
