   Compiling event-stream v0.1.0 (/Users/nessa/Documents/NessaLabs/event-stream)
warning: field `replica_read_lease_expiries` is never read
   --> src/infrastructure/memory.rs:265:16
    |
140 | pub(super) struct State {
    |                   ----- field in this struct
...
265 |     pub(super) replica_read_lease_expiries:
    |                ^^^^^^^^^^^^^^^^^^^^^^^^^^^
    |
    = note: `State` has a derived impl for the trait `Debug`, but this is intentionally ignored during dead code analysis
    = note: `#[warn(dead_code)]` (part of `#[warn(unused)]`) on by default

warning: `event-stream` (lib) generated 1 warning
    Finished `test` profile [unoptimized + debuginfo] target(s) in 1.75s
     Running tests/replication_read_lease_regressions.rs (target/debug/deps/replication_read_lease_regressions-96bbbe93247b4c14)

running 2 tests
test reader_keeps_original_snapshot_across_replacement_until_exact_expiry ... ok
test abandoned_expired_reader_slot_is_reclaimed_by_bounded_cleanup ... FAILED

failures:

---- abandoned_expired_reader_slot_is_reclaimed_by_bounded_cleanup stdout ----

thread 'abandoned_expired_reader_slot_is_reclaimed_by_bounded_cleanup' (6121025) panicked at tests/replication_read_lease_regressions.rs:191:5:
expired abandoned lease still consumes the only slot: Err(CapacityExceeded)
note: run with `RUST_BACKTRACE=1` environment variable to display a backtrace


failures:
    abandoned_expired_reader_slot_is_reclaimed_by_bounded_cleanup

test result: FAILED. 1 passed; 1 failed; 0 ignored; 0 measured; 0 filtered out; finished in 0.00s

error: test failed, to rerun pass `--test replication_read_lease_regressions`
