   Compiling event-stream v0.1.0 (/Users/nessa/Documents/NessaLabs/event-stream)
    Finished `test` profile [unoptimized + debuginfo] target(s) in 0.63s
     Running tests/sqlite_bootstrap_cleanup.rs (target/debug/deps/sqlite_bootstrap_cleanup-ee60b6879c67a06f)

running 4 tests
test sqlite_expired_reader_slot_is_reclaimed_by_bounded_cleanup ... ok
test sqlite_replaced_snapshot_keeps_reader_then_reuses_capacity ... ok
test sqlite_aborted_bootstrap_reopens_and_reclaims_bounded_chunks ... ok
test restore_accepts_replaced_snapshot_after_retired_bytes_are_cleaned ... ok

test result: ok. 4 passed; 0 failed; 0 ignored; 0 measured; 0 filtered out; finished in 0.15s

     Running tests/sqlite_origin_restore.rs (target/debug/deps/sqlite_origin_restore-1ffd3c74c114d187)

running 1 test
test restore_pending_origin_preserves_history_and_requires_new_bootstrap ... ok

test result: ok. 1 passed; 0 failed; 0 ignored; 0 measured; 0 filtered out; finished in 0.12s

     Running tests/sqlite_replica_restore_corruption.rs (target/debug/deps/sqlite_replica_restore_corruption-4d0d2401cd2228da)

running 4 tests
test restore_rejects_shifted_published_snapshot_chunk ... ok
test restore_rejects_missing_published_snapshot_chunk ... ok
test restore_rejects_corrupt_published_replica_snapshot ... ok
test restore_rejects_missing_published_suffix_record ... ok

test result: ok. 4 passed; 0 failed; 0 ignored; 0 measured; 0 filtered out; finished in 0.15s

