   Compiling event-stream v0.1.0 (/Users/nessa/Documents/NessaLabs/event-stream)
warning: unused import: `Digest`
 --> /Users/nessa/Documents/NessaLabs/event-stream/src/infrastructure/sqlite_replication.rs:5:12
  |
5 | use sha2::{Digest, Sha256};
  |            ^^^^^^
  |
  = note: `#[warn(unused_imports)]` (part of `#[warn(unused)]`) on by default

warning: fields `next_snapshot`, `next_record`, and `hasher` are never read
  --> /Users/nessa/Documents/NessaLabs/event-stream/src/infrastructure/sqlite_replication.rs:40:5
   |
39 | struct BootstrapVerification {
   |        --------------------- fields in this struct
40 |     next_snapshot: u64,
   |     ^^^^^^^^^^^^^
41 |     next_record: u64,
   |     ^^^^^^^^^^^
42 |     hasher: Sha256,
   |     ^^^^^^
   |
   = note: `#[warn(dead_code)]` (part of `#[warn(unused)]`) on by default

warning: fields `bootstrap`, `published`, and `expires_at` are never read
  --> /Users/nessa/Documents/NessaLabs/event-stream/src/infrastructure/sqlite_replication.rs:46:5
   |
45 | struct ReplicaReadLease {
   |        ---------------- fields in this struct
46 |     bootstrap: BootstrapId,
   |     ^^^^^^^^^
47 |     published: PublishedReplicaBootstrap,
   |     ^^^^^^^^^
48 |     expires_at: DurableTimestampMillis,
   |     ^^^^^^^^^^

warning: fields `verifications`, `readers`, and `origin_leases` are never read
  --> /Users/nessa/Documents/NessaLabs/event-stream/src/infrastructure/sqlite_replication.rs:52:5
   |
51 | pub(super) struct SqliteReplicationState {
   |                   ---------------------- fields in this struct
52 |     verifications: HashMap<BootstrapId, BootstrapVerification>,
   |     ^^^^^^^^^^^^^
53 |     readers: HashMap<ReplicaReadLeaseId, ReplicaReadLease>,
   |     ^^^^^^^
54 |     origin_leases: HashMap<BootstrapId, RecoveryLeaseId>,
   |     ^^^^^^^^^^^^^

warning: multiple variants are never constructed
   --> /Users/nessa/Documents/NessaLabs/event-stream/src/infrastructure/sqlite_replication.rs:104:5
    |
 67 | pub(super) enum ReplicationCommand {
    |                 ------------------ variants in this enum
...
104 |     BeginOriginBootstrap(
    |     ^^^^^^^^^^^^^^^^^^^^
...
108 |     AcknowledgeOriginBootstrap(
    |     ^^^^^^^^^^^^^^^^^^^^^^^^^^
...
112 |     CleanupOrigin(
    |     ^^^^^^^^^^^^^
...
116 |     BeginDestinationBootstrap(
    |     ^^^^^^^^^^^^^^^^^^^^^^^^^
...
120 |     PutBootstrapChunk(
    |     ^^^^^^^^^^^^^^^^^
...
124 |     PutBootstrapBatch(
    |     ^^^^^^^^^^^^^^^^^
...
128 |     VerifyBootstrap(
    |     ^^^^^^^^^^^^^^^
...
132 |     PublishBootstrap(
    |     ^^^^^^^^^^^^^^^^
...
136 |     PublishedBootstrap(
    |     ^^^^^^^^^^^^^^^^^^
...
140 |     AcquireBootstrapRead(
    |     ^^^^^^^^^^^^^^^^^^^^
...
145 |     ReadBootstrapBytes(
    |     ^^^^^^^^^^^^^^^^^^
...
151 |     ReleaseBootstrapRead(
    |     ^^^^^^^^^^^^^^^^^^^^
...
155 |     AbortBootstrap(
    |     ^^^^^^^^^^^^^^
...
159 |     CleanupDestination(
    |     ^^^^^^^^^^^^^^^^^^

warning: function `snapshot_error` is never used
    --> /Users/nessa/Documents/NessaLabs/event-stream/src/infrastructure/sqlite_replication.rs:2183:4
     |
2183 | fn snapshot_error(error: SnapshotError) -> ReplicationError {
     |    ^^^^^^^^^^^^^^

warning: function `begin_origin_bootstrap` is never used
    --> /Users/nessa/Documents/NessaLabs/event-stream/src/infrastructure/sqlite_replication.rs:2193:4
     |
2193 | fn begin_origin_bootstrap(
     |    ^^^^^^^^^^^^^^^^^^^^^^

warning: methods `acquire_for_replication`, `replication_lease_is_live`, and `release_for_replication` are never used
   --> /Users/nessa/Documents/NessaLabs/event-stream/src/infrastructure/sqlite_snapshot.rs:117:19
    |
 99 | impl SqliteSnapshotState {
    | ------------------------ methods in this implementation
...
117 |     pub(super) fn acquire_for_replication(
    |                   ^^^^^^^^^^^^^^^^^^^^^^^
...
138 |     pub(super) fn replication_lease_is_live(
    |                   ^^^^^^^^^^^^^^^^^^^^^^^^^
...
148 |     pub(super) fn release_for_replication(&mut self, id: RecoveryLeaseId) {
    |                   ^^^^^^^^^^^^^^^^^^^^^^^

   Compiling event-stream-verification v0.1.0 (/Users/nessa/Documents/NessaLabs/event-stream/verification)
warning: `event-stream` (lib) generated 8 warnings
    Finished `test` profile [unoptimized + debuginfo] target(s) in 7.27s
warning: the following packages contain code that will be rejected by a future version of Rust: block v0.1.6
note: to see what the problems were, use the option `--future-incompat-report`, or run `cargo report future-incompatibilities --id 1`
     Running unittests src/lib.rs (verification/target/debug/deps/event_stream_verification-5318eabed38d0f9b)

running 1 test
test performance::tests::checked_in_home_catalog_loads_bounded_historical_evidence ... ok

test result: ok. 1 passed; 0 failed; 0 ignored; 0 measured; 18 filtered out; finished in 0.01s

     Running unittests src/main.rs (verification/target/debug/deps/event_stream_verification-ce1eb2ad319c6f01)

running 0 tests

test result: ok. 0 passed; 0 failed; 0 ignored; 0 measured; 0 filtered out; finished in 0.00s

