   Compiling event-stream v0.1.0 (/Users/nessa/Documents/NessaLabs/event-stream)
    Finished `test` profile [unoptimized + debuginfo] target(s) in 0.35s
     Running tests/sqlite_origin_restore.rs (target/debug/deps/sqlite_origin_restore-1ffd3c74c114d187)

running 6 tests
test restore_rejects_inconsistent_pending_batch_record_count ... FAILED
test restore_rejects_foreign_origin_attachment ... FAILED
test restore_rejects_pending_batch_beyond_source_tail ... FAILED
test restore_rejects_foreign_origin_operation_receipt ... FAILED
test restore_rejects_understated_origin_backlog ... FAILED
test restore_pending_origin_preserves_history_and_requires_new_bootstrap ... ok

failures:

---- restore_rejects_inconsistent_pending_batch_record_count stdout ----

thread 'restore_rejects_inconsistent_pending_batch_record_count' (6742875) panicked at tests/sqlite_origin_restore.rs:256:5:
corrupt origin metadata accepted after UPDATE replication_origin_operations SET result_batch_records=2 WHERE kind=1: Ok(RestoreReceipt { operation_id: RestoreOperationId("restore-replication-boundary"), backup_identity: BackupIdentity([231, 68, 89, 140, 249, 194, 57, 243, 111, 218, 225, 157, 75, 140, 80, 240, 94, 81, 249, 177, 221, 224, 49, 121, 177, 134, 249, 85, 186, 249, 182, 65]), destination: "/private/var/folders/1w/wp9n0wwd22qgrf0zkhb2fk6r0000gn/T/replication-restore-boundary-1c503494-fbd3-4056-a787-1f4d1c04cf25/restored.sqlite3", mapping_count: 1 })
note: run with `RUST_BACKTRACE=1` environment variable to display a backtrace

---- restore_rejects_foreign_origin_attachment stdout ----

thread 'restore_rejects_foreign_origin_attachment' (6742873) panicked at tests/sqlite_origin_restore.rs:256:5:
corrupt origin metadata accepted after UPDATE replication_origin_replicas SET origin_id=zeroblob(16): Ok(RestoreReceipt { operation_id: RestoreOperationId("restore-replication-boundary"), backup_identity: BackupIdentity([53, 177, 253, 77, 168, 172, 52, 150, 61, 47, 26, 63, 41, 182, 99, 198, 163, 251, 11, 178, 195, 82, 160, 117, 170, 169, 241, 214, 111, 184, 185, 89]), destination: "/private/var/folders/1w/wp9n0wwd22qgrf0zkhb2fk6r0000gn/T/replication-restore-boundary-63f886d8-2e23-45e4-ae2d-0a0187505cc2/restored.sqlite3", mapping_count: 1 })

---- restore_rejects_pending_batch_beyond_source_tail stdout ----

thread 'restore_rejects_pending_batch_beyond_source_tail' (6742876) panicked at tests/sqlite_origin_restore.rs:256:5:
corrupt origin metadata accepted after UPDATE replication_origin_operations SET result_through=x'0000000000000003' WHERE kind=1: Ok(RestoreReceipt { operation_id: RestoreOperationId("restore-replication-boundary"), backup_identity: BackupIdentity([1, 251, 3, 215, 110, 255, 69, 247, 204, 13, 139, 131, 47, 250, 225, 214, 33, 20, 247, 23, 83, 165, 131, 193, 24, 111, 244, 165, 244, 160, 190, 229]), destination: "/private/var/folders/1w/wp9n0wwd22qgrf0zkhb2fk6r0000gn/T/replication-restore-boundary-5351667f-7e37-438e-a70f-94e1ed484d1f/restored.sqlite3", mapping_count: 1 })

---- restore_rejects_foreign_origin_operation_receipt stdout ----

thread 'restore_rejects_foreign_origin_operation_receipt' (6742874) panicked at tests/sqlite_origin_restore.rs:256:5:
corrupt origin metadata accepted after UPDATE replication_origin_operations SET origin_id=zeroblob(16): Ok(RestoreReceipt { operation_id: RestoreOperationId("restore-replication-boundary"), backup_identity: BackupIdentity([167, 75, 23, 246, 39, 106, 96, 107, 227, 121, 120, 176, 154, 147, 94, 59, 55, 113, 5, 249, 23, 237, 154, 196, 166, 120, 162, 126, 103, 73, 71, 176]), destination: "/private/var/folders/1w/wp9n0wwd22qgrf0zkhb2fk6r0000gn/T/replication-restore-boundary-997abfa5-51b1-4d66-b1d5-593b681f7977/restored.sqlite3", mapping_count: 1 })

---- restore_rejects_understated_origin_backlog stdout ----

thread 'restore_rejects_understated_origin_backlog' (6742877) panicked at tests/sqlite_origin_restore.rs:256:5:
corrupt origin metadata accepted after UPDATE replication_origin_replicas SET backlog_records=0: Ok(RestoreReceipt { operation_id: RestoreOperationId("restore-replication-boundary"), backup_identity: BackupIdentity([151, 165, 145, 65, 252, 233, 238, 45, 56, 49, 224, 59, 160, 139, 18, 44, 86, 154, 74, 93, 111, 242, 140, 207, 79, 209, 5, 197, 159, 207, 95, 76]), destination: "/private/var/folders/1w/wp9n0wwd22qgrf0zkhb2fk6r0000gn/T/replication-restore-boundary-e6cba167-70c6-41ca-be82-c056c16abbe6/restored.sqlite3", mapping_count: 1 })


failures:
    restore_rejects_foreign_origin_attachment
    restore_rejects_foreign_origin_operation_receipt
    restore_rejects_inconsistent_pending_batch_record_count
    restore_rejects_pending_batch_beyond_source_tail
    restore_rejects_understated_origin_backlog

test result: FAILED. 1 passed; 5 failed; 0 ignored; 0 measured; 0 filtered out; finished in 0.30s

error: test failed, to rerun pass `--test sqlite_origin_restore`
