warning: field `0` is never read
   --> src/infrastructure/sqlite_replication.rs:113:9
    |
112 |     CleanupOrigin(
    |     ------------- field in this variant
113 |         ReplicaCleanupLimits,
    |         ^^^^^^^^^^^^^^^^^^^^
    |
    = note: `#[warn(dead_code)]` (part of `#[warn(unused)]`) on by default
help: consider changing the field to be of unit type to suppress this warning while preserving the field numbering, or remove the field
    |
113 -         ReplicaCleanupLimits,
113 +         (),
    |

warning: `event-stream` (lib) generated 1 warning
   Compiling event-stream v0.1.0 (/Users/nessa/Documents/NessaLabs/event-stream)
    Finished `test` profile [unoptimized + debuginfo] target(s) in 0.61s
     Running tests/sqlite_bootstrap_driver.rs (target/debug/deps/sqlite_bootstrap_driver-e29e43e189e15a73)

running 2 tests
test sqlite_destination_publishes_real_bootstrap_and_reopens_snapshot_and_suffix ... ok
test sqlite_both_stores_reopen_and_retry_completed_bootstrap ... ok

test result: ok. 2 passed; 0 failed; 0 ignored; 0 measured; 0 filtered out; finished in 0.05s

