   Compiling event-stream v0.1.0 (/Users/nessa/Documents/NessaLabs/event-stream)
    Finished `test` profile [unoptimized + debuginfo] target(s) in 6.47s
     Running tests/sqlite.rs (target/debug/deps/sqlite-b6886d1891135665)

running 58 tests
test corrupt_format_one_input_fails_migration_without_partial_schema_change ... ok
test committed_data_recovers_after_process_kill ... ok
test dropping_store_releases_ownership_after_accepted_work_stops ... ok
test database_quota_failure_rolls_back_record_and_tail ... ok
test corrupt_active_name_pointer_cannot_retire_another_lifetime ... ok
test corrupt_stream_metadata_lengths_fail_before_blob_allocation ... ok
test corrupt_record_offset_is_rejected_before_blob_allocation ... ok
test corrupt_record_payload_is_bounded_before_result_materialization ... ok
test format_one_migration_preserves_record_table_and_exact_bytes ... ok
test in_process_ownership_lasts_until_worker_stops ... ok
test internally_inconsistent_lifecycle_receipt_is_rejected_on_open ... ok
test lifecycle_quotas_are_atomic_and_identical_retries_bypass_capacity ... ok
test dropped_close_future_still_closes_after_a_full_queue_drains ... ok
test corrupt_scalar_types_are_rejected_before_result_materialization ... ok
test injected_migration_failure_preserves_valid_format_one_then_retries ... ok
test lifecycle_receipts_and_unavailable_name_survive_restart_and_cleanup ... ok
test injected_transaction_boundaries_preserve_atomic_state_and_resolve_unknown_commit ... ok
test malformed_or_foreign_formats_fail_without_partial_initialization ... ok
test ordered_replay_and_retry_lookup_use_declared_indexes ... ok
test process_kill_after_commit_before_receipt_deduplicates_retry ... ok
test lifecycle_and_cleanup_failure_boundaries_are_atomic_and_retryable ... ok
test metadata_rejects_floor_above_tail ... ok
test ownership_rejects_hardlinks_symlinks_and_normalizes_parent_aliases ... ok
test newer_format_is_rejected_without_migration ... ok
test corrupt_record_identifiers_are_bounded_by_utf8_bytes_before_allocation ... ok
test process_kill_after_journal_output_commit_resolves_exact_content_retry ... ok
test process_kill_before_commit_rolls_back_record_and_tail ... ok
test positive_but_forged_snapshot_accounting_is_rejected_on_open ... ok
test separate_process_cannot_take_ownership ... ok
test malformed_snapshot_identifier_and_partial_schema_are_rejected_on_open ... ok
test published_snapshot_bytes_and_upload_state_survive_restart ... ok
test recovery_lease_keeps_retired_suffix_readable_until_release ... ok
test restart_preserves_records_deduplication_and_incarnation ... ok
test shared_lifecycle_store_contract ... ok
test process_kill_after_snapshot_publication_commit_resolves_exact_retry ... ok
test sqlite_child ... ok
test retired_cleanup_rejects_history_holes_and_rolls_back_prior_deletes ... ok
test shared_sqlite_replica_batch_destination_contract ... ok
test shared_source_journal_store_contract ... ok
test shared_sqlite_replication_origin_batch_contract ... ok
test snapshot_page_limit_above_sqlite_integer_range_is_rejected ... ok
test sqlite_journal_marker_retry_does_not_recreate_a_missing_output ... ok
test shared_snapshot_store_contract ... ok
test sqlite_journal_receipt_cleanup_does_not_strand_raw_bytes_before_checkpoint ... ok
test replay_rejects_internal_holes_and_missing_tail_rows ... ok
test sqlite_journal_capture_and_checkpoint_lost_ack_resolve_after_restart ... ok
test sqlite_journal_parser_recovers_output_before_checkpoint_after_restart ... ok
test sqlite_rejects_understated_replica_backlog_counter_on_open ... ok
test sqlite_replica_backlog_counters_and_oldest_age_advance_by_exact_batch ... ok
test sqlite_replica_commit_lost_ack_resolves_exactly_after_restart ... ok
test sqlite_journal_output_transaction_rolls_back_or_resolves_exact_retry ... ok
test shared_event_store_contract ... ok
test understated_lifecycle_counters_are_rejected_on_open ... ok
test sqlite_retention_floor_respects_active_snapshot_recovery_lease ... ok
test sqlite_retention_commit_failures_roll_back_and_lost_acks_resolve_after_restart ... ok
test unsigned_offset_representation_crosses_signed_boundary_on_a_forged_tail ... ok
test snapshot_commit_faults_preserve_identity_and_retry_outcomes ... ok
test sqlite_retention_reuses_ids_across_generations_and_cleans_only_after_both_bounds ... ok

test result: ok. 58 passed; 0 failed; 0 ignored; 0 measured; 0 filtered out; finished in 0.54s

     Running tests/sqlite_replication_regressions.rs (target/debug/deps/sqlite_replication_regressions-587e5da23070c0dc)

running 5 tests
test sqlite_attach_operation_rejects_changed_limits ... ok
test sqlite_rejects_acknowledgement_past_exact_prepared_batch ... ok
test sqlite_pending_prepare_retry_does_not_include_later_appends ... ok
test sqlite_missing_replication_metadata_is_corruption_not_a_new_origin ... ok
test sqlite_pending_batch_identity_and_receipt_survive_reopen ... ok

test result: ok. 5 passed; 0 failed; 0 ignored; 0 measured; 0 filtered out; finished in 0.04s

     Running tests/sqlite_restore.rs (target/debug/deps/sqlite_restore-da4d4149d54e102e)

running 36 tests
test controlled_restore_rejects_replication_state_until_bounded_import_is_supported ... ok
test cleanup_removes_owned_completed_staging_without_source ... ok
test backup_inspection_rejects_oversized_replacement_before_import ... ok
test completed_unpublished_restore_retries_without_source ... ok
test controlled_restore_preserves_snapshot_bytes_and_remaps_stream_identity ... ok
test controlled_restore_preserves_generated_retry_identity_and_merged_history ... ok
test controlled_restore_preserves_captured_prefix_and_uncheckpointed_output ... ok
test dangling_symlinked_request_binding_is_rejected_and_preserved ... ok
test controlled_restore_rejects_snapshot_payload_that_does_not_match_digest ... ok
test corrupt_completed_mapping_count_is_rejected_before_publication ... ok
test cleanup_reports_exact_unlink_and_directory_sync_failures ... ok
test journal_restore_rejects_forged_zero_charge_with_matching_counters ... ok
test legacy_format_two_is_inspected_read_only_restored_and_extended_on_normal_open ... ok
test logical_restore_rewrites_full_identity_union_and_survives_restart ... ok
test mapping_reader_guards_malformed_large_columns_before_materialization ... ok
test controlled_restore_accepts_partial_and_complete_aborted_cleanup_states ... ok
test restore_process_kill_child ... ok
test mapping_reader_rejects_an_incarnation_that_was_not_refreshed ... ok
test operation_id_cannot_escape_or_lengthen_staging_name ... ok
test operation_reservation_rejects_conflicts_and_preserves_unknown_entries ... ok
test linked_restore_retries_each_publication_boundary_without_source ... ok
test record_page_byte_limit_flushes_across_streams ... ok
test restore_rejects_records_outside_declared_lifetime_extent ... ok
test restore_rejects_a_missing_record_before_the_declared_tail ... ok
test retention_restore_accepts_expired_prefix_between_bounded_cleanup_turns ... ok
test restore_keeps_published_snapshot_after_its_retired_lifetime_was_cleaned ... ok
test record_pages_batch_across_streams_and_skip_empty_lifetimes ... ok
test restore_rejects_schema_versions_outside_the_domain_range ... ok
test unbound_empty_staging_is_preserved_and_not_adopted ... ok
test symlinked_operation_owner_is_rejected_and_preserved ... ok
test staging_symlink_and_hardlink_are_rejected_before_sqlite_open ... ok
test abrupt_process_kill_recovers_bootstrap_and_publication_boundaries ... ok
test published_receipt_rejects_malformed_types_counts_and_accounting ... ok
test retention_restore_rejects_oversized_receipt_and_honors_page_byte_limit ... ok
test staging_quota_failure_never_publishes_the_destination ... ok
test retention_restore_keyset_pages_many_pending_cleanup_ranges ... ok

test result: ok. 36 passed; 0 failed; 0 ignored; 0 measured; 0 filtered out; finished in 2.28s

