   Compiling version_check v0.9.5
   Compiling cfg-if v1.0.4
   Compiling libc v0.2.189
   Compiling proc-macro2 v1.0.107
   Compiling quote v1.0.47
   Compiling zerocopy v0.8.56
   Compiling unicode-ident v1.0.24
   Compiling typenum v1.20.1
   Compiling shlex v2.0.1
   Compiling find-msvc-tools v0.1.12
   Compiling vcpkg v0.2.15
   Compiling once_cell v1.21.4
   Compiling cc v1.4.5
   Compiling pkg-config v0.3.34
   Compiling generic-array v0.14.7
   Compiling ahash v0.8.12
   Compiling getrandom v0.4.3
   Compiling smallvec v1.16.0
   Compiling fallible-iterator v0.3.0
   Compiling bitflags v2.13.1
   Compiling pin-project-lite v0.2.17
   Compiling fallible-streaming-iterator v0.1.9
   Compiling libsqlite3-sys v0.30.1
   Compiling block-buffer v0.10.4
   Compiling crypto-common v0.1.7
   Compiling digest v0.10.7
   Compiling cpufeatures v0.2.17
   Compiling fs2 v0.4.3
   Compiling sha2 v0.10.9
   Compiling uuid v1.26.0
   Compiling syn v3.0.5
   Compiling hashbrown v0.14.5
   Compiling tokio-macros v2.7.2
   Compiling async-trait v0.1.92
   Compiling hashlink v0.9.1
   Compiling tokio v1.53.1
   Compiling rusqlite v0.32.1
   Compiling event-stream v0.1.0 (/tmp/event-stream-round93-snapshot-source)
warning: unused import: `decode_offset`
 --> src/infrastructure/sqlite_restore.rs:2:5
  |
2 |     decode_offset, inspect_existing_format, inspect_restore_format, validate_lifecycle_counters,
  |     ^^^^^^^^^^^^^
  |
  = note: `#[warn(unused_imports)]` (part of `#[warn(unused)]`) on by default

warning: unused imports: `params_from_iter` and `types::Value`
  --> src/infrastructure/sqlite_restore.rs:14:13
   |
14 |     params, params_from_iter, types::Value, Connection, OpenFlags, OptionalExtension,
   |             ^^^^^^^^^^^^^^^^  ^^^^^^^^^^^^

warning: variable does not need to be mutable
   --> src/infrastructure/sqlite_restore.rs:956:9
    |
956 |     let mut mapping_count = import_identity_mappings(source, target, config)?;
    |         ----^^^^^^^^^^^^^
    |         |
    |         help: remove this `mut`
    |
    = note: `#[warn(unused_mut)]` (part of `#[warn(unused)]`) on by default

warning: methods `acquire_for_replication`, `replication_lease_is_live`, `release_for_replication`, and `restore_replication_lease` are never used
   --> src/infrastructure/sqlite_snapshot.rs:117:19
    |
 99 | impl SqliteSnapshotState {
    | ------------------------ methods in this implementation
...
117 |     pub(super) fn acquire_for_replication(
    |                   ^^^^^^^^^^^^^^^^^^^^^^^
...
138 |     pub(super) fn replication_lease_is_live(
    |                   ^^^^^^^^^^^^^^^^^^^^^^^^^
...
148 |     pub(super) fn release_for_replication(&mut self, id: RecoveryLeaseId) {
    |                   ^^^^^^^^^^^^^^^^^^^^^^^
...
152 |     pub(super) fn restore_replication_lease(
    |                   ^^^^^^^^^^^^^^^^^^^^^^^^^
    |
    = note: `#[warn(dead_code)]` (part of `#[warn(unused)]`) on by default

warning: `event-stream` (lib) generated 4 warnings (run `cargo fix --lib -p event-stream` to apply 3 suggestions)
    Finished `release` profile [optimized] target(s) in 20.67s
